exports[`test User renders correctly 1`] = `null`;
